=== RUN   TestBuildSelectFromParms_NoParams
--- PASS: TestBuildSelectFromParms_NoParams (0.00s)
=== RUN   TestBuildSelectFromParms_ResourceFilter
--- PASS: TestBuildSelectFromParms_ResourceFilter (0.00s)
=== RUN   TestBuildSelectFromParms_LimitOffset
--- PASS: TestBuildSelectFromParms_LimitOffset (0.00s)
=== RUN   TestBuildSelectFromParms_SellerMultipleValues
--- PASS: TestBuildSelectFromParms_SellerMultipleValues (0.00s)
=== RUN   TestBuildSelectFromParms_JSONFieldMultiValues
--- PASS: TestBuildSelectFromParms_JSONFieldMultiValues (0.00s)
=== RUN   TestBuildSelectFromParms_TopLevelField
--- PASS: TestBuildSelectFromParms_TopLevelField (0.00s)
=== RUN   TestBuildSelectFromParms_MultiValueTopLevelField
--- PASS: TestBuildSelectFromParms_MultiValueTopLevelField (0.00s)
=== RUN   TestBuildSelectFromParms_NestedField
--- PASS: TestBuildSelectFromParms_NestedField (0.00s)
=== RUN   TestBuildSelectFromParms_ArrayOfObjectsField
--- PASS: TestBuildSelectFromParms_ArrayOfObjectsField (0.00s)
=== RUN   TestBuildSelectFromParms_ArrayOfObjectsFieldExplicitIndex
    dblayer_test.go:165: expected SQL to reference JSON path for category.id, got: SELECT id, type, version, api_version, seller, buyer, last_update, content, created_at, updated_at FROM tmf_object WHERE type = ? AND EXISTS (SELECT 1 FROM json_tree(tmf_object.content) WHERE json_tree.fullkey LIKE '$.organizationIdentification[0].identificationId%' AND json_tree.value = ?)
--- FAIL: TestBuildSelectFromParms_ArrayOfObjectsFieldExplicitIndex (0.00s)
=== RUN   TestBuildSelectFromParms_ArrayOfObjectsMultiValue
    dblayer_test.go:178: expected SQL to reference JSON path for relatedParty.role, got: SELECT id, type, version, api_version, seller, buyer, last_update, content, created_at, updated_at FROM tmf_object WHERE type = ? AND EXISTS (SELECT 1 FROM json_tree(tmf_object.content) WHERE json_tree.fullkey LIKE '$.relatedParty%.role%' AND json_tree.value IN (?,?))
--- FAIL: TestBuildSelectFromParms_ArrayOfObjectsMultiValue (0.00s)
=== RUN   TestBuildSelectFromParms_MultipleFilters
--- PASS: TestBuildSelectFromParms_MultipleFilters (0.00s)
=== RUN   TestBuildSelectFromParms_LimitOffsetAndType
--- PASS: TestBuildSelectFromParms_LimitOffsetAndType (0.00s)
=== RUN   TestBuildSelectFromParms_SellerShortcut
--- PASS: TestBuildSelectFromParms_SellerShortcut (0.00s)
=== RUN   TestUpdateObject
2026/04/25 16:35:08 INFO About to create tables if they do not exist
2026/04/25 16:35:08 INFO Running migrations
2026/04/25 16:35:08 INFO Migration applied version=20260419T000000
2026/04/25 16:35:08 INFO Migrations done
--- PASS: TestUpdateObject (0.02s)
=== RUN   TestUpdateObject_NotFound
2026/04/25 16:35:08 INFO About to create tables if they do not exist
2026/04/25 16:35:08 INFO Running migrations
2026/04/25 16:35:08 INFO Migration applied version=20260419T000000
2026/04/25 16:35:08 INFO Migrations done
--- PASS: TestUpdateObject_NotFound (0.02s)
=== RUN   TestUpdateObject_VersionBump
2026/04/25 16:35:08 INFO About to create tables if they do not exist
2026/04/25 16:35:08 INFO Running migrations
2026/04/25 16:35:08 INFO Migration applied version=20260419T000000
2026/04/25 16:35:08 INFO Migrations done
--- PASS: TestUpdateObject_VersionBump (0.01s)
=== RUN   TestUpsertObject_Insert
2026/04/25 16:35:08 INFO About to create tables if they do not exist
2026/04/25 16:35:08 INFO Running migrations
2026/04/25 16:35:08 INFO Migration applied version=20260419T000000
2026/04/25 16:35:08 INFO Migrations done
--- PASS: TestUpsertObject_Insert (0.02s)
=== RUN   TestUpsertObject_UpdateSameVersion
2026/04/25 16:35:08 INFO About to create tables if they do not exist
2026/04/25 16:35:08 INFO Running migrations
2026/04/25 16:35:08 INFO Migration applied version=20260419T000000
2026/04/25 16:35:08 INFO Migrations done
--- PASS: TestUpsertObject_UpdateSameVersion (0.02s)
=== RUN   TestUpsertObject_VersionBump
2026/04/25 16:35:08 INFO About to create tables if they do not exist
2026/04/25 16:35:08 INFO Running migrations
2026/04/25 16:35:08 INFO Migration applied version=20260419T000000
2026/04/25 16:35:08 INFO Migrations done
--- PASS: TestUpsertObject_VersionBump (0.02s)
=== RUN   TestELSIOrganizationIdentification
=== RUN   TestELSIOrganizationIdentification/success
=== RUN   TestELSIOrganizationIdentification/no_organizationIdentification_array
=== RUN   TestELSIOrganizationIdentification/empty_organizationIdentification_array
=== RUN   TestELSIOrganizationIdentification/no_elsi_entry
=== RUN   TestELSIOrganizationIdentification/skip_invalid_map_and_zero_length_id
2026/04/25 16:35:08 WARN invalid organizationIdentification entry obj="{\"organizationIdentification\":[\"not a map\",{},{\"identificationId\":\"\",\"identificationType\":\"did:elsi\"},{\"identificationId\":\"did:elsi:VATES-12345678\",\"identificationType\":\"did:elsi\"}]}"
2026/04/25 16:35:08 WARN invalid organizationIdentification entry obj="{\"organizationIdentification\":[\"not a map\",{},{\"identificationId\":\"\",\"identificationType\":\"did:elsi\"},{\"identificationId\":\"did:elsi:VATES-12345678\",\"identificationType\":\"did:elsi\"}]}"
2026/04/25 16:35:08 WARN zero length identificationId in organizationIdentification entry obj="{\"organizationIdentification\":[\"not a map\",{},{\"identificationId\":\"\",\"identificationType\":\"did:elsi\"},{\"identificationId\":\"did:elsi:VATES-12345678\",\"identificationType\":\"did:elsi\"}]}"
--- PASS: TestELSIOrganizationIdentification (0.00s)
    --- PASS: TestELSIOrganizationIdentification/success (0.00s)
    --- PASS: TestELSIOrganizationIdentification/no_organizationIdentification_array (0.00s)
    --- PASS: TestELSIOrganizationIdentification/empty_organizationIdentification_array (0.00s)
    --- PASS: TestELSIOrganizationIdentification/no_elsi_entry (0.00s)
    --- PASS: TestELSIOrganizationIdentification/skip_invalid_map_and_zero_length_id (0.00s)
=== RUN   TestSetELSIOrganizationIdentification
=== RUN   TestSetELSIOrganizationIdentification/create_new_array_and_entry
=== RUN   TestSetELSIOrganizationIdentification/append_to_existing_array
=== RUN   TestSetELSIOrganizationIdentification/update_existing_elsi_entry
=== RUN   TestSetELSIOrganizationIdentification/skip_invalid_map_during_update
2026/04/25 16:35:08 WARN invalid organizationIdentification entry obj="{\"organizationIdentification\":[{},{\"identificationId\":\"did:elsi:OLD-ID\",\"identificationType\":\"did:elsi\"}]}"
2026/04/25 16:35:08 WARN invalid organizationIdentification entry obj="{\"organizationIdentification\":[{},{\"@type\":\"organizationIdentification\",\"identificationId\":\"did:elsi:NEW-ID\",\"identificationType\":\"did:elsi\",\"issuingAuthority\":\"eIDAS\"}]}"
--- PASS: TestSetELSIOrganizationIdentification (0.00s)
    --- PASS: TestSetELSIOrganizationIdentification/create_new_array_and_entry (0.00s)
    --- PASS: TestSetELSIOrganizationIdentification/append_to_existing_array (0.00s)
    --- PASS: TestSetELSIOrganizationIdentification/update_existing_elsi_entry (0.00s)
    --- PASS: TestSetELSIOrganizationIdentification/skip_invalid_map_during_update (0.00s)
FAIL
FAIL	github.com/hesusruiz/isbetmf/tmfserver/repository	0.107s
FAIL
